led_display.c:12:6:initColor1	8	static
led_display.c:17:6:setRed1	8	static
led_display.c:22:6:setAmber1	8	static
led_display.c:27:6:setGreen1	8	static
led_display.c:34:6:initColor2	8	static
led_display.c:39:6:setRed2	8	static
led_display.c:44:6:setAmber2	8	static
led_display.c:49:6:setGreen2	8	static
led_display.c:55:6:display7SEG	16	static
led_display.c:159:6:init7SEG	8	static
led_display.c:169:6:toggleRed	8	static
led_display.c:177:6:toggleAmber	8	static
led_display.c:185:6:toggleGreen	8	static
led_display.c:206:6:resetCountValue	4	static
led_display.c:213:6:normalMode	8	static
led_display.c:274:5:get7SEG1Value	4	static
led_display.c:293:5:get7SEG2Value	4	static
led_display.c:313:6:ledDispMode	8	static
led_display.c:332:6:ledScanning	8	static
